main.c:130:5:main	8	static
main.c:186:6:SystemClock_Config	88	static
main.c:222:6:Init_Line_Follower	24	static
main.c:244:6:Init_Control_NEC	16	static
main.c:254:6:init_turbine	16	static
main.c:260:6:speed_turbine	16	static
main.c:272:6:calibrate_turbine	16	static
main.c:278:5:Read_adc	16	static
main.c:288:6:Read_sensors_qtr	24	static
main.c:300:6:Get_error	168	static
main.c:349:6:Motor_left	16	static
main.c:377:6:Motor_right	16	static
main.c:405:6:HAL_TIM_IC_CaptureCallback	16	static
main.c:447:6:Turn_on_off	16	static
main.c:482:6:Line_follower_state_machine	24	static
main.c:546:6:Error_Handler	4	static
